c:\st\stm32cubeide_1.10.1\stm32cubeide\plugins\com.st.stm32cube.ide.mcu.externaltools.gnu-tools-for-stm32.10.3-2021.10.win32_1.0.0.202111181127\tools\bin\../lib/gcc/arm-none-eabi/10.3.1/../../../../arm-none-eabi/include/c++/10.3.1/arm-none-eabi/thumb/v7e-m+dp/hard/bits/gthr-default.h:229:1:int __gthread_key_delete(__gthread_key_t)	16	static
../Core/Src/main.cpp:133:5:int main()	368	static
../Core/Src/main.cpp:209:6:void SystemClock_Config()	120	static
../Core/Src/main.cpp:272:6:void PeriphCommonClock_Config()	192	static
../Core/Src/main.cpp:299:13:void MX_ADC1_Init()	56	static
../Core/Src/main.cpp:448:13:void MX_ADC2_Init()	48	static
../Core/Src/main.cpp:516:13:void MX_ADC3_Init()	48	static
../Core/Src/main.cpp:642:13:void MX_CORDIC_Init()	8	static
../Core/Src/main.cpp:668:13:void MX_FDCAN1_Init()	8	static
../Core/Src/main.cpp:721:13:void MX_FDCAN3_Init()	8	static
../Core/Src/main.cpp:774:13:void MX_FMAC_Init()	8	static
../Core/Src/main.cpp:800:13:void MX_LPTIM1_Init()	8	static
../Core/Src/main.cpp:834:13:void MX_LPTIM2_Init()	8	static
../Core/Src/main.cpp:868:13:void MX_LPTIM3_Init()	8	static
../Core/Src/main.cpp:901:13:void MX_RTC_Init()	8	static
../Core/Src/main.cpp:937:13:void MX_SPI3_Init()	8	static
../Core/Src/main.cpp:985:13:void MX_TIM1_Init()	104	static
../Core/Src/main.cpp:1067:13:void MX_TIM2_Init()	40	static
../Core/Src/main.cpp:1112:13:void MX_TIM3_Init()	48	static
../Core/Src/main.cpp:1173:13:void MX_TIM4_Init()	48	static
../Core/Src/main.cpp:1234:13:void MX_TIM5_Init()	40	static
../Core/Src/main.cpp:1279:13:void MX_TIM6_Init()	24	static
../Core/Src/main.cpp:1317:13:void MX_TIM8_Init()	56	static
../Core/Src/main.cpp:1368:13:void MX_TIM12_Init()	40	static
../Core/Src/main.cpp:1414:13:void MX_TIM15_Init()	104	static
../Core/Src/main.cpp:1484:13:void MX_TIM16_Init()	88	static
../Core/Src/main.cpp:1547:13:void MX_TIM17_Init()	88	static
../Core/Src/main.cpp:1610:13:void MX_TIM23_Init()	64	static
../Core/Src/main.cpp:1680:13:void MX_TIM24_Init()	40	static
../Core/Src/main.cpp:1725:13:void MX_USART1_UART_Init()	8	static
../Core/Src/main.cpp:1773:13:void MX_USART2_UART_Init()	8	static
../Core/Src/main.cpp:1819:13:void MX_DMA_Init()	16	static
../Core/Src/main.cpp:1843:13:void MX_GPIO_Init()	64	static
../Core/Src/main.cpp:1906:6:void Error_Handler()	4	static,ignoring_inline_asm
c:\st\stm32cubeide_1.10.1\stm32cubeide\plugins\com.st.stm32cube.ide.mcu.externaltools.gnu-tools-for-stm32.10.3-2021.10.win32_1.0.0.202111181127\tools\arm-none-eabi\include\c++\10.3.1\bits\move.h:76:5:constexpr _Tp&& std::forward(typename std::remove_reference<_Tp>::type&) [with _Tp = int]	16	static
c:\st\stm32cubeide_1.10.1\stm32cubeide\plugins\com.st.stm32cube.ide.mcu.externaltools.gnu-tools-for-stm32.10.3-2021.10.win32_1.0.0.202111181127\tools\arm-none-eabi\include\c++\10.3.1\optional:433:22:constexpr bool std::_Optional_base_impl<_Tp, _Dp>::_M_is_engaged() const [with _Tp = unsigned char; _Dp = std::_Optional_base<unsigned char, true, true>]	16	static
c:\st\stm32cubeide_1.10.1\stm32cubeide\plugins\com.st.stm32cube.ide.mcu.externaltools.gnu-tools-for-stm32.10.3-2021.10.win32_1.0.0.202111181127\tools\arm-none-eabi\include\c++\10.3.1\optional:964:2:constexpr _Tp std::optional<_Tp>::value_or(_Up&&) && [with _Up = int; _Tp = unsigned char]	16	static
c:\st\stm32cubeide_1.10.1\stm32cubeide\plugins\com.st.stm32cube.ide.mcu.externaltools.gnu-tools-for-stm32.10.3-2021.10.win32_1.0.0.202111181127\tools\arm-none-eabi\include\c++\10.3.1\optional:438:7:constexpr _Tp& std::_Optional_base_impl<_Tp, _Dp>::_M_get() [with _Tp = unsigned char; _Dp = std::_Optional_base<unsigned char, true, true>]	16	static
c:\st\stm32cubeide_1.10.1\stm32cubeide\plugins\com.st.stm32cube.ide.mcu.externaltools.gnu-tools-for-stm32.10.3-2021.10.win32_1.0.0.202111181127\tools\arm-none-eabi\include\c++\10.3.1\bits\move.h:101:5:constexpr typename std::remove_reference<_Tp>::type&& std::move(_Tp&&) [with _Tp = unsigned char&]	16	static
c:\st\stm32cubeide_1.10.1\stm32cubeide\plugins\com.st.stm32cube.ide.mcu.externaltools.gnu-tools-for-stm32.10.3-2021.10.win32_1.0.0.202111181127\tools\arm-none-eabi\include\c++\10.3.1\optional:267:7:constexpr _Tp& std::_Optional_payload_base<_Tp>::_M_get() [with _Tp = unsigned char]	16	static
