../Core/Src/stm32h7xx_it.c:78:6:NMI_Handler	4	static
../Core/Src/stm32h7xx_it.c:93:6:HardFault_Handler	4	static
../Core/Src/stm32h7xx_it.c:108:6:MemManage_Handler	4	static
../Core/Src/stm32h7xx_it.c:123:6:BusFault_Handler	4	static
../Core/Src/stm32h7xx_it.c:138:6:UsageFault_Handler	4	static
../Core/Src/stm32h7xx_it.c:153:6:SVC_Handler	4	static
../Core/Src/stm32h7xx_it.c:166:6:DebugMon_Handler	4	static
../Core/Src/stm32h7xx_it.c:179:6:PendSV_Handler	4	static
../Core/Src/stm32h7xx_it.c:192:6:SysTick_Handler	8	static
../Core/Src/stm32h7xx_it.c:213:6:EXTI0_IRQHandler	8	static
../Core/Src/stm32h7xx_it.c:227:6:EXTI1_IRQHandler	8	static
../Core/Src/stm32h7xx_it.c:241:6:DMA1_Stream0_IRQHandler	8	static
../Core/Src/stm32h7xx_it.c:255:6:DMA1_Stream1_IRQHandler	8	static
../Core/Src/stm32h7xx_it.c:269:6:DMA1_Stream2_IRQHandler	8	static
../Core/Src/stm32h7xx_it.c:283:6:TIM2_IRQHandler	8	static
../Core/Src/stm32h7xx_it.c:297:6:TIM5_IRQHandler	8	static
../Core/Src/stm32h7xx_it.c:311:6:TIM6_DAC_IRQHandler	8	static
../Core/Src/stm32h7xx_it.c:325:6:LPTIM1_IRQHandler	8	static
../Core/Src/stm32h7xx_it.c:339:6:LPTIM2_IRQHandler	8	static
../Core/Src/stm32h7xx_it.c:353:6:LPTIM3_IRQHandler	8	static
../Core/Src/stm32h7xx_it.c:367:6:TIM24_IRQHandler	8	static
